<html>
<body>
<pre>
<h1>µVision Build Log</h1>
<h2>Tool Versions:</h2>
IDE-Version: µVision V5.41.0.0
Copyright (C) 2024 ARM Ltd and ARM Germany GmbH. All rights reserved.
License Information: khai admin, ptit, LIC=8VRJ7-EL0B5-DYTV3-A42CZ-74GU6-RGSQX
 
Tool Versions:
Toolchain:       MDK-ARM Plus  Version: 5.41.0.0
Toolchain Path:  D:\Keil\ARM\ARMCLANG\Bin
C Compiler:      ArmClang.exe V6.22
Assembler:       Armasm.exe V6.22
Linker/Locator:  ArmLink.exe V6.22
Library Manager: ArmAr.exe V6.22
Hex Converter:   FromElf.exe V6.22
CPU DLL:         SARMCM3.DLL V5.41.0.0
Dialog DLL:      DCM.DLL V1.17.5.0
Target DLL:      STLink\ST-LINKIII-KEIL_SWO.dll V3.3.0.0
Dialog DLL:      TCM.DLL V1.56.4.0
 
<h2>Project:</h2>
D:\Sensor Network\rfid_stm32\rfid_stm32.uvprojx
Project File Date:  03/21/2025

<h2>Output:</h2>
*** Using Compiler 'V6.22', folder: 'D:\Keil\ARM\ARMCLANG\Bin'
Build target 'Target_1'
Note: source file '.\rfid.c' - object file renamed from '.\Objects\rfid.o' to '.\Objects\rfid_1.o'.
compiling spi.c...
compiling main.c...
compiling rfid.c...
linking...
Program Size: Code=4996 RO-data=324 RW-data=0 ZI-data=1632  
".\Objects\rfid_stm32.axf" - 0 Error(s), 0 Warning(s).

<h2>Software Packages used:</h2>

Package Vendor: ARM
                https://www.keil.com/pack/ARM.CMSIS.6.1.0.pack
                ARM::CMSIS@6.1.0
                CMSIS (Common Microcontroller Software Interface Standard)
   * Component: CORE Version: 6.1.0

Package Vendor: Keil
                https://www.keil.com/pack/Keil.STM32F1xx_DFP.2.4.1.pack
                Keil::STM32F1xx_DFP@2.4.1
                STMicroelectronics STM32F1 Series Device Support, Drivers and Examples
   * Component: Startup Version: 1.0.0
   * Component: Framework Version: 3.6.0
   * Component: GPIO Version: 3.6.0
   * Component: RCC Version: 3.6.0
   * Component: SPI Version: 3.6.0
   * Component: TIM Version: 3.6.0
   * Component: USART Version: 3.6.0

<h2>Collection of Component include folders:</h2>
  ./RTE/Device/STM32F103C8
  ./RTE/_Target_1
  C:/Users/admin/AppData/Local/Arm/Packs/ARM/CMSIS/6.1.0/CMSIS/Core/Include
  C:/Users/admin/AppData/Local/Arm/Packs/Keil/STM32F1xx_DFP/2.4.1/Device/Include
  C:/Users/admin/AppData/Local/Arm/Packs/Keil/STM32F1xx_DFP/2.4.1/Device/StdPeriph_Driver/inc

<h2>Collection of Component Files used:</h2>

   * Component: ARM::CMSIS:CORE@6.1.0

   * Component: Keil::Device:Startup@1.0.0
      Include file:  RTE_Driver/Config/RTE_Device.h
      Source file:   Device/Source/ARM/STM32F1xx_OPT.s
      Source file:   Device/Source/ARM/startup_stm32f10x_md.s
      Source file:   Device/Source/system_stm32f10x.c

   * Component: Keil::Device:StdPeriph Drivers:Framework@3.6.0
      Include file:  Device/StdPeriph_Driver/inc/misc.h
      Source file:   Device/StdPeriph_Driver/src/misc.c
      Source file:   Device/StdPeriph_Driver/templates/stm32f10x_conf.h
      Source file:   Device/StdPeriph_Driver/templates/stm32f10x_it.c
      Include file:  Device/StdPeriph_Driver/templates/stm32f10x_it.h

   * Component: Keil::Device:StdPeriph Drivers:GPIO@3.6.0
      Source file:   Device/StdPeriph_Driver/src/stm32f10x_gpio.c
      Include file:  Device/StdPeriph_Driver/inc/stm32f10x_gpio.h

   * Component: Keil::Device:StdPeriph Drivers:RCC@3.6.0
      Include file:  Device/StdPeriph_Driver/inc/stm32f10x_rcc.h
      Source file:   Device/StdPeriph_Driver/src/stm32f10x_rcc.c

   * Component: Keil::Device:StdPeriph Drivers:SPI@3.6.0
      Include file:  Device/StdPeriph_Driver/inc/stm32f10x_spi.h
      Source file:   Device/StdPeriph_Driver/src/stm32f10x_spi.c

   * Component: Keil::Device:StdPeriph Drivers:TIM@3.6.0
      Include file:  Device/StdPeriph_Driver/inc/stm32f10x_tim.h
      Source file:   Device/StdPeriph_Driver/src/stm32f10x_tim.c

   * Component: Keil::Device:StdPeriph Drivers:USART@3.6.0
      Source file:   Device/StdPeriph_Driver/src/stm32f10x_usart.c
      Include file:  Device/StdPeriph_Driver/inc/stm32f10x_usart.h
Build Time Elapsed:  00:00:01
</pre>
</body>
</html>
